[0.009s] Invoking command in '/home/pa4/turtlebot3_ws/src/260813/build/demo_cpp_pkg': CMAKE_PREFIX_PATH=${CMAKE_PREFIX_PATH}:/home/pa4/turtlebot3_ws/src/260813/install/demo_py_pkg:/home/pa4/turtlebot3_ws/install/turtlebot3_teleop:/home/pa4/turtlebot3_ws/install/turtlebot3_example:/opt/ros/humble /usr/bin/cmake --build /home/pa4/turtlebot3_ws/src/260813/build/demo_cpp_pkg -- -j24 -l24
[0.028s] -- Found ament_cmake: 1.3.14 (/opt/ros/humble/share/ament_cmake/cmake)
[0.096s] -- Found rclcpp: 16.0.19 (/opt/ros/humble/share/rclcpp/cmake)
[0.112s] -- Found rosidl_generator_c: 3.1.9 (/opt/ros/humble/share/rosidl_generator_c/cmake)
[0.112s] -- Found rosidl_adapter: 3.1.9 (/opt/ros/humble/share/rosidl_adapter/cmake)
[0.113s] -- Found rosidl_generator_cpp: 3.1.9 (/opt/ros/humble/share/rosidl_generator_cpp/cmake)
[0.118s] -- Using all available rosidl_typesupport_c: rosidl_typesupport_fastrtps_c;rosidl_typesupport_introspection_c
[0.124s] -- Using all available rosidl_typesupport_cpp: rosidl_typesupport_fastrtps_cpp;rosidl_typesupport_introspection_cpp
[0.141s] -- Found rmw_implementation_cmake: 6.1.2 (/opt/ros/humble/share/rmw_implementation_cmake/cmake)
[0.141s] -- Found rmw_fastrtps_cpp: 6.2.10 (/opt/ros/humble/share/rmw_fastrtps_cpp/cmake)
[0.195s] -- Using RMW implementation 'rmw_fastrtps_cpp' as default
[0.220s] -- Found geometry_msgs: 4.9.1 (/opt/ros/humble/share/geometry_msgs/cmake)
[0.260s] -- Configuring done
[0.264s] -- Generating done
[0.265s] -- Build files have been written to: /home/pa4/turtlebot3_ws/src/260813/build/demo_cpp_pkg
[0.286s] [35m[1mConsolidate compiler generated dependencies of target listener[0m
[0.295s] [ 50%] [32mBuilding CXX object CMakeFiles/listener.dir/src/listener.cpp.o[0m
[3.726s] [100%] [32m[1mLinking CXX executable listener[0m
[3.889s] [100%] Built target listener
[3.899s] Invoked command in '/home/pa4/turtlebot3_ws/src/260813/build/demo_cpp_pkg' returned '0': CMAKE_PREFIX_PATH=${CMAKE_PREFIX_PATH}:/home/pa4/turtlebot3_ws/src/260813/install/demo_py_pkg:/home/pa4/turtlebot3_ws/install/turtlebot3_teleop:/home/pa4/turtlebot3_ws/install/turtlebot3_example:/opt/ros/humble /usr/bin/cmake --build /home/pa4/turtlebot3_ws/src/260813/build/demo_cpp_pkg -- -j24 -l24
[3.903s] Invoking command in '/home/pa4/turtlebot3_ws/src/260813/build/demo_cpp_pkg': CMAKE_PREFIX_PATH=${CMAKE_PREFIX_PATH}:/home/pa4/turtlebot3_ws/src/260813/install/demo_py_pkg:/home/pa4/turtlebot3_ws/install/turtlebot3_teleop:/home/pa4/turtlebot3_ws/install/turtlebot3_example:/opt/ros/humble /usr/bin/cmake --install /home/pa4/turtlebot3_ws/src/260813/build/demo_cpp_pkg
[3.906s] -- Install configuration: ""
[3.907s] -- Installing: /home/pa4/turtlebot3_ws/src/260813/install/demo_cpp_pkg/lib/demo_cpp_pkg/listener
[3.908s] -- Set runtime path of "/home/pa4/turtlebot3_ws/src/260813/install/demo_cpp_pkg/lib/demo_cpp_pkg/listener" to ""
[3.908s] -- Installing: /home/pa4/turtlebot3_ws/src/260813/install/demo_cpp_pkg/share/ament_index/resource_index/package_run_dependencies/demo_cpp_pkg
[3.908s] -- Installing: /home/pa4/turtlebot3_ws/src/260813/install/demo_cpp_pkg/share/ament_index/resource_index/parent_prefix_path/demo_cpp_pkg
[3.908s] -- Up-to-date: /home/pa4/turtlebot3_ws/src/260813/install/demo_cpp_pkg/share/demo_cpp_pkg/environment/ament_prefix_path.sh
[3.908s] -- Installing: /home/pa4/turtlebot3_ws/src/260813/install/demo_cpp_pkg/share/demo_cpp_pkg/environment/ament_prefix_path.dsv
[3.908s] -- Up-to-date: /home/pa4/turtlebot3_ws/src/260813/install/demo_cpp_pkg/share/demo_cpp_pkg/environment/path.sh
[3.908s] -- Installing: /home/pa4/turtlebot3_ws/src/260813/install/demo_cpp_pkg/share/demo_cpp_pkg/environment/path.dsv
[3.908s] -- Up-to-date: /home/pa4/turtlebot3_ws/src/260813/install/demo_cpp_pkg/share/demo_cpp_pkg/local_setup.bash
[3.908s] -- Up-to-date: /home/pa4/turtlebot3_ws/src/260813/install/demo_cpp_pkg/share/demo_cpp_pkg/local_setup.sh
[3.908s] -- Up-to-date: /home/pa4/turtlebot3_ws/src/260813/install/demo_cpp_pkg/share/demo_cpp_pkg/local_setup.zsh
[3.908s] -- Installing: /home/pa4/turtlebot3_ws/src/260813/install/demo_cpp_pkg/share/demo_cpp_pkg/local_setup.dsv
[3.908s] -- Installing: /home/pa4/turtlebot3_ws/src/260813/install/demo_cpp_pkg/share/demo_cpp_pkg/package.dsv
[3.908s] -- Up-to-date: /home/pa4/turtlebot3_ws/src/260813/install/demo_cpp_pkg/share/ament_index/resource_index/packages/demo_cpp_pkg
[3.908s] -- Up-to-date: /home/pa4/turtlebot3_ws/src/260813/install/demo_cpp_pkg/share/demo_cpp_pkg/cmake/demo_cpp_pkgConfig.cmake
[3.908s] -- Up-to-date: /home/pa4/turtlebot3_ws/src/260813/install/demo_cpp_pkg/share/demo_cpp_pkg/cmake/demo_cpp_pkgConfig-version.cmake
[3.908s] -- Installing: /home/pa4/turtlebot3_ws/src/260813/install/demo_cpp_pkg/share/demo_cpp_pkg/package.xml
[3.910s] Invoked command in '/home/pa4/turtlebot3_ws/src/260813/build/demo_cpp_pkg' returned '0': CMAKE_PREFIX_PATH=${CMAKE_PREFIX_PATH}:/home/pa4/turtlebot3_ws/src/260813/install/demo_py_pkg:/home/pa4/turtlebot3_ws/install/turtlebot3_teleop:/home/pa4/turtlebot3_ws/install/turtlebot3_example:/opt/ros/humble /usr/bin/cmake --install /home/pa4/turtlebot3_ws/src/260813/build/demo_cpp_pkg
