[0.012s] Invoking command in '/home/pa4/turtlebot3_ws/src/260813/build/demo_cpp_pkg': CMAKE_PREFIX_PATH=${CMAKE_PREFIX_PATH}:/home/pa4/turtlebot3_ws/install/turtlebot3_teleop:/home/pa4/turtlebot3_ws/install/turtlebot3_example:/opt/ros/humble /usr/bin/cmake /home/pa4/turtlebot3_ws/src/260813/src/demo_cpp_pkg -DCMAKE_INSTALL_PREFIX=/home/pa4/turtlebot3_ws/src/260813/install/demo_cpp_pkg
[0.083s] -- The C compiler identification is GNU 11.4.0
[0.141s] -- The CXX compiler identification is GNU 11.4.0
[0.149s] -- Detecting C compiler ABI info
[0.195s] -- Detecting C compiler ABI info - done
[0.199s] -- Check for working C compiler: /usr/bin/cc - skipped
[0.199s] -- Detecting C compile features
[0.200s] -- Detecting C compile features - done
[0.201s] -- Detecting CXX compiler ABI info
[0.260s] -- Detecting CXX compiler ABI info - done
[0.263s] -- Check for working CXX compiler: /usr/bin/c++ - skipped
[0.264s] -- Detecting CXX compile features
[0.264s] -- Detecting CXX compile features - done
[0.268s] -- Found ament_cmake: 1.3.14 (/opt/ros/humble/share/ament_cmake/cmake)
[0.369s] -- Found Python3: /usr/bin/python3 (found version "3.10.12") found components: Interpreter 
[0.443s] -- Found rclcpp: 16.0.19 (/opt/ros/humble/share/rclcpp/cmake)
[0.478s] -- Found rosidl_generator_c: 3.1.9 (/opt/ros/humble/share/rosidl_generator_c/cmake)
[0.482s] -- Found rosidl_adapter: 3.1.9 (/opt/ros/humble/share/rosidl_adapter/cmake)
[0.489s] -- Found rosidl_generator_cpp: 3.1.9 (/opt/ros/humble/share/rosidl_generator_cpp/cmake)
[0.499s] -- Using all available rosidl_typesupport_c: rosidl_typesupport_fastrtps_c;rosidl_typesupport_introspection_c
[0.517s] -- Using all available rosidl_typesupport_cpp: rosidl_typesupport_fastrtps_cpp;rosidl_typesupport_introspection_cpp
[0.554s] -- Found rmw_implementation_cmake: 6.1.2 (/opt/ros/humble/share/rmw_implementation_cmake/cmake)
[0.557s] -- Found rmw_fastrtps_cpp: 6.2.10 (/opt/ros/humble/share/rmw_fastrtps_cpp/cmake)
[0.625s] -- Found OpenSSL: /usr/lib/x86_64-linux-gnu/libcrypto.so (found version "3.0.2")  
[0.640s] -- Found FastRTPS: /opt/ros/humble/include  
[0.661s] -- Using RMW implementation 'rmw_fastrtps_cpp' as default
[0.669s] -- Looking for pthread.h
[0.720s] -- Looking for pthread.h - found
[0.720s] -- Performing Test CMAKE_HAVE_LIBC_PTHREAD
[0.763s] -- Performing Test CMAKE_HAVE_LIBC_PTHREAD - Success
[0.764s] -- Found Threads: TRUE  
[0.838s] -- Configuring done
[0.840s] -- Generating done
[0.843s] -- Build files have been written to: /home/pa4/turtlebot3_ws/src/260813/build/demo_cpp_pkg
[0.850s] Invoked command in '/home/pa4/turtlebot3_ws/src/260813/build/demo_cpp_pkg' returned '0': CMAKE_PREFIX_PATH=${CMAKE_PREFIX_PATH}:/home/pa4/turtlebot3_ws/install/turtlebot3_teleop:/home/pa4/turtlebot3_ws/install/turtlebot3_example:/opt/ros/humble /usr/bin/cmake /home/pa4/turtlebot3_ws/src/260813/src/demo_cpp_pkg -DCMAKE_INSTALL_PREFIX=/home/pa4/turtlebot3_ws/src/260813/install/demo_cpp_pkg
[0.851s] Invoking command in '/home/pa4/turtlebot3_ws/src/260813/build/demo_cpp_pkg': CMAKE_PREFIX_PATH=${CMAKE_PREFIX_PATH}:/home/pa4/turtlebot3_ws/install/turtlebot3_teleop:/home/pa4/turtlebot3_ws/install/turtlebot3_example:/opt/ros/humble /usr/bin/cmake --build /home/pa4/turtlebot3_ws/src/260813/build/demo_cpp_pkg -- -j24 -l24
[0.886s] [ 50%] [32mBuilding CXX object CMakeFiles/listener.dir/src/listener.cpp.o[0m
[4.785s] [100%] [32m[1mLinking CXX executable listener[0m
[4.964s] [100%] Built target listener
[4.971s] Invoked command in '/home/pa4/turtlebot3_ws/src/260813/build/demo_cpp_pkg' returned '0': CMAKE_PREFIX_PATH=${CMAKE_PREFIX_PATH}:/home/pa4/turtlebot3_ws/install/turtlebot3_teleop:/home/pa4/turtlebot3_ws/install/turtlebot3_example:/opt/ros/humble /usr/bin/cmake --build /home/pa4/turtlebot3_ws/src/260813/build/demo_cpp_pkg -- -j24 -l24
[4.976s] Invoking command in '/home/pa4/turtlebot3_ws/src/260813/build/demo_cpp_pkg': CMAKE_PREFIX_PATH=${CMAKE_PREFIX_PATH}:/home/pa4/turtlebot3_ws/install/turtlebot3_teleop:/home/pa4/turtlebot3_ws/install/turtlebot3_example:/opt/ros/humble /usr/bin/cmake --install /home/pa4/turtlebot3_ws/src/260813/build/demo_cpp_pkg
[4.980s] -- Install configuration: ""
[4.980s] -- Installing: /home/pa4/turtlebot3_ws/src/260813/install/demo_cpp_pkg/lib/demo_cpp_pkg/listener
[4.981s] -- Set runtime path of "/home/pa4/turtlebot3_ws/src/260813/install/demo_cpp_pkg/lib/demo_cpp_pkg/listener" to ""
[4.981s] -- Installing: /home/pa4/turtlebot3_ws/src/260813/install/demo_cpp_pkg/share/ament_index/resource_index/package_run_dependencies/demo_cpp_pkg
[4.981s] -- Installing: /home/pa4/turtlebot3_ws/src/260813/install/demo_cpp_pkg/share/ament_index/resource_index/parent_prefix_path/demo_cpp_pkg
[4.981s] -- Installing: /home/pa4/turtlebot3_ws/src/260813/install/demo_cpp_pkg/share/demo_cpp_pkg/environment/ament_prefix_path.sh
[4.981s] -- Installing: /home/pa4/turtlebot3_ws/src/260813/install/demo_cpp_pkg/share/demo_cpp_pkg/environment/ament_prefix_path.dsv
[4.981s] -- Installing: /home/pa4/turtlebot3_ws/src/260813/install/demo_cpp_pkg/share/demo_cpp_pkg/environment/path.sh
[4.981s] -- Installing: /home/pa4/turtlebot3_ws/src/260813/install/demo_cpp_pkg/share/demo_cpp_pkg/environment/path.dsv
[4.981s] -- Installing: /home/pa4/turtlebot3_ws/src/260813/install/demo_cpp_pkg/share/demo_cpp_pkg/local_setup.bash
[4.981s] -- Installing: /home/pa4/turtlebot3_ws/src/260813/install/demo_cpp_pkg/share/demo_cpp_pkg/local_setup.sh
[4.981s] -- Installing: /home/pa4/turtlebot3_ws/src/260813/install/demo_cpp_pkg/share/demo_cpp_pkg/local_setup.zsh
[4.981s] -- Installing: /home/pa4/turtlebot3_ws/src/260813/install/demo_cpp_pkg/share/demo_cpp_pkg/local_setup.dsv
[4.981s] -- Installing: /home/pa4/turtlebot3_ws/src/260813/install/demo_cpp_pkg/share/demo_cpp_pkg/package.dsv
[4.981s] -- Installing: /home/pa4/turtlebot3_ws/src/260813/install/demo_cpp_pkg/share/ament_index/resource_index/packages/demo_cpp_pkg
[4.981s] -- Installing: /home/pa4/turtlebot3_ws/src/260813/install/demo_cpp_pkg/share/demo_cpp_pkg/cmake/demo_cpp_pkgConfig.cmake
[4.981s] -- Installing: /home/pa4/turtlebot3_ws/src/260813/install/demo_cpp_pkg/share/demo_cpp_pkg/cmake/demo_cpp_pkgConfig-version.cmake
[4.982s] -- Installing: /home/pa4/turtlebot3_ws/src/260813/install/demo_cpp_pkg/share/demo_cpp_pkg/package.xml
[4.983s] Invoked command in '/home/pa4/turtlebot3_ws/src/260813/build/demo_cpp_pkg' returned '0': CMAKE_PREFIX_PATH=${CMAKE_PREFIX_PATH}:/home/pa4/turtlebot3_ws/install/turtlebot3_teleop:/home/pa4/turtlebot3_ws/install/turtlebot3_example:/opt/ros/humble /usr/bin/cmake --install /home/pa4/turtlebot3_ws/src/260813/build/demo_cpp_pkg
