[0.007s] Invoking command in '/home/pa4/turtlebot3_ws/src/260813/build/demo_cpp_pkg': CMAKE_PREFIX_PATH=${CMAKE_PREFIX_PATH}:/home/pa4/turtlebot3_ws/install/turtlebot3_teleop:/home/pa4/turtlebot3_ws/install/turtlebot3_example:/opt/ros/humble /usr/bin/cmake --build /home/pa4/turtlebot3_ws/src/260813/build/demo_cpp_pkg -- -j24 -l24
[0.034s] [35m[1mConsolidate compiler generated dependencies of target listener[0m
[0.044s] [100%] Built target listener
[0.130s] Invoked command in '/home/pa4/turtlebot3_ws/src/260813/build/demo_cpp_pkg' returned '0': CMAKE_PREFIX_PATH=${CMAKE_PREFIX_PATH}:/home/pa4/turtlebot3_ws/install/turtlebot3_teleop:/home/pa4/turtlebot3_ws/install/turtlebot3_example:/opt/ros/humble /usr/bin/cmake --build /home/pa4/turtlebot3_ws/src/260813/build/demo_cpp_pkg -- -j24 -l24
[0.141s] Invoking command in '/home/pa4/turtlebot3_ws/src/260813/build/demo_cpp_pkg': CMAKE_PREFIX_PATH=${CMAKE_PREFIX_PATH}:/home/pa4/turtlebot3_ws/install/turtlebot3_teleop:/home/pa4/turtlebot3_ws/install/turtlebot3_example:/opt/ros/humble /usr/bin/cmake --install /home/pa4/turtlebot3_ws/src/260813/build/demo_cpp_pkg
[0.146s] -- Install configuration: ""
[0.146s] -- Up-to-date: /home/pa4/turtlebot3_ws/src/260813/install/demo_cpp_pkg/lib/demo_cpp_pkg/listener
[0.146s] -- Up-to-date: /home/pa4/turtlebot3_ws/src/260813/install/demo_cpp_pkg/share/ament_index/resource_index/package_run_dependencies/demo_cpp_pkg
[0.146s] -- Up-to-date: /home/pa4/turtlebot3_ws/src/260813/install/demo_cpp_pkg/share/ament_index/resource_index/parent_prefix_path/demo_cpp_pkg
[0.146s] -- Up-to-date: /home/pa4/turtlebot3_ws/src/260813/install/demo_cpp_pkg/share/demo_cpp_pkg/environment/ament_prefix_path.sh
[0.146s] -- Up-to-date: /home/pa4/turtlebot3_ws/src/260813/install/demo_cpp_pkg/share/demo_cpp_pkg/environment/ament_prefix_path.dsv
[0.146s] -- Up-to-date: /home/pa4/turtlebot3_ws/src/260813/install/demo_cpp_pkg/share/demo_cpp_pkg/environment/path.sh
[0.146s] -- Up-to-date: /home/pa4/turtlebot3_ws/src/260813/install/demo_cpp_pkg/share/demo_cpp_pkg/environment/path.dsv
[0.146s] -- Up-to-date: /home/pa4/turtlebot3_ws/src/260813/install/demo_cpp_pkg/share/demo_cpp_pkg/local_setup.bash
[0.146s] -- Up-to-date: /home/pa4/turtlebot3_ws/src/260813/install/demo_cpp_pkg/share/demo_cpp_pkg/local_setup.sh
[0.146s] -- Up-to-date: /home/pa4/turtlebot3_ws/src/260813/install/demo_cpp_pkg/share/demo_cpp_pkg/local_setup.zsh
[0.146s] -- Up-to-date: /home/pa4/turtlebot3_ws/src/260813/install/demo_cpp_pkg/share/demo_cpp_pkg/local_setup.dsv
[0.146s] -- Installing: /home/pa4/turtlebot3_ws/src/260813/install/demo_cpp_pkg/share/demo_cpp_pkg/package.dsv
[0.146s] -- Up-to-date: /home/pa4/turtlebot3_ws/src/260813/install/demo_cpp_pkg/share/ament_index/resource_index/packages/demo_cpp_pkg
[0.146s] -- Up-to-date: /home/pa4/turtlebot3_ws/src/260813/install/demo_cpp_pkg/share/demo_cpp_pkg/cmake/demo_cpp_pkgConfig.cmake
[0.146s] -- Up-to-date: /home/pa4/turtlebot3_ws/src/260813/install/demo_cpp_pkg/share/demo_cpp_pkg/cmake/demo_cpp_pkgConfig-version.cmake
[0.146s] -- Up-to-date: /home/pa4/turtlebot3_ws/src/260813/install/demo_cpp_pkg/share/demo_cpp_pkg/package.xml
[0.149s] Invoked command in '/home/pa4/turtlebot3_ws/src/260813/build/demo_cpp_pkg' returned '0': CMAKE_PREFIX_PATH=${CMAKE_PREFIX_PATH}:/home/pa4/turtlebot3_ws/install/turtlebot3_teleop:/home/pa4/turtlebot3_ws/install/turtlebot3_example:/opt/ros/humble /usr/bin/cmake --install /home/pa4/turtlebot3_ws/src/260813/build/demo_cpp_pkg
