-- Install configuration: ""
-- Up-to-date: /home/pa4/turtlebot3_ws/src/260813/install/demo_bringup/share/demo_bringup/launch
-- Up-to-date: /home/pa4/turtlebot3_ws/src/260813/install/demo_bringup/share/demo_bringup/launch/demo.launch.py
-- Up-to-date: /home/pa4/turtlebot3_ws/src/260813/install/demo_bringup/share/demo_bringup/config
-- Up-to-date: /home/pa4/turtlebot3_ws/src/260813/install/demo_bringup/share/demo_bringup/config/params.yaml
-- Up-to-date: /home/pa4/turtlebot3_ws/src/260813/install/demo_bringup/share/ament_index/resource_index/package_run_dependencies/demo_bringup
-- Up-to-date: /home/pa4/turtlebot3_ws/src/260813/install/demo_bringup/share/ament_index/resource_index/parent_prefix_path/demo_bringup
-- Up-to-date: /home/pa4/turtlebot3_ws/src/260813/install/demo_bringup/share/demo_bringup/environment/ament_prefix_path.sh
-- Up-to-date: /home/pa4/turtlebot3_ws/src/260813/install/demo_bringup/share/demo_bringup/environment/ament_prefix_path.dsv
-- Up-to-date: /home/pa4/turtlebot3_ws/src/260813/install/demo_bringup/share/demo_bringup/environment/path.sh
-- Up-to-date: /home/pa4/turtlebot3_ws/src/260813/install/demo_bringup/share/demo_bringup/environment/path.dsv
-- Up-to-date: /home/pa4/turtlebot3_ws/src/260813/install/demo_bringup/share/demo_bringup/local_setup.bash
-- Up-to-date: /home/pa4/turtlebot3_ws/src/260813/install/demo_bringup/share/demo_bringup/local_setup.sh
-- Up-to-date: /home/pa4/turtlebot3_ws/src/260813/install/demo_bringup/share/demo_bringup/local_setup.zsh
-- Up-to-date: /home/pa4/turtlebot3_ws/src/260813/install/demo_bringup/share/demo_bringup/local_setup.dsv
-- Installing: /home/pa4/turtlebot3_ws/src/260813/install/demo_bringup/share/demo_bringup/package.dsv
-- Up-to-date: /home/pa4/turtlebot3_ws/src/260813/install/demo_bringup/share/ament_index/resource_index/packages/demo_bringup
-- Up-to-date: /home/pa4/turtlebot3_ws/src/260813/install/demo_bringup/share/demo_bringup/cmake/demo_bringupConfig.cmake
-- Up-to-date: /home/pa4/turtlebot3_ws/src/260813/install/demo_bringup/share/demo_bringup/cmake/demo_bringupConfig-version.cmake
-- Up-to-date: /home/pa4/turtlebot3_ws/src/260813/install/demo_bringup/share/demo_bringup/package.xml
