running egg_info
writing ../../build/demo_py_pkg/demo_py_pkg.egg-info/PKG-INFO
writing dependency_links to ../../build/demo_py_pkg/demo_py_pkg.egg-info/dependency_links.txt
writing entry points to ../../build/demo_py_pkg/demo_py_pkg.egg-info/entry_points.txt
writing requirements to ../../build/demo_py_pkg/demo_py_pkg.egg-info/requires.txt
writing top-level names to ../../build/demo_py_pkg/demo_py_pkg.egg-info/top_level.txt
reading manifest file '../../build/demo_py_pkg/demo_py_pkg.egg-info/SOURCES.txt'
writing manifest file '../../build/demo_py_pkg/demo_py_pkg.egg-info/SOURCES.txt'
running build
running build_py
copying demo_py_pkg/talker.py -> /home/pa4/turtlebot3_ws/src/260813/build/demo_py_pkg/build/lib/demo_py_pkg
running install
running install_lib
copying /home/pa4/turtlebot3_ws/src/260813/build/demo_py_pkg/build/lib/demo_py_pkg/talker.py -> /home/pa4/turtlebot3_ws/src/260813/install/demo_py_pkg/lib/python3.10/site-packages/demo_py_pkg
byte-compiling /home/pa4/turtlebot3_ws/src/260813/install/demo_py_pkg/lib/python3.10/site-packages/demo_py_pkg/talker.py to talker.cpython-310.pyc
running install_data
running install_egg_info
removing '/home/pa4/turtlebot3_ws/src/260813/install/demo_py_pkg/lib/python3.10/site-packages/demo_py_pkg-0.1.0-py3.10.egg-info' (and everything under it)
Copying ../../build/demo_py_pkg/demo_py_pkg.egg-info to /home/pa4/turtlebot3_ws/src/260813/install/demo_py_pkg/lib/python3.10/site-packages/demo_py_pkg-0.1.0-py3.10.egg-info
running install_scripts
Installing talker script to /home/pa4/turtlebot3_ws/src/260813/install/demo_py_pkg/lib/demo_py_pkg
writing list of installed files to '/home/pa4/turtlebot3_ws/src/260813/build/demo_py_pkg/install.log'
