[0.008s] Invoking command in '/home/pa4/turtlebot3_ws/src/260813/build/demo_cpp_pkg': CMAKE_PREFIX_PATH=${CMAKE_PREFIX_PATH}:/home/pa4/turtlebot3_ws/src/260813/install/demo_py_pkg:/home/pa4/turtlebot3_ws/install/turtlebot3_teleop:/home/pa4/turtlebot3_ws/install/turtlebot3_example:/opt/ros/humble /usr/bin/cmake --build /home/pa4/turtlebot3_ws/src/260813/build/demo_cpp_pkg -- -j24 -l24
[0.033s] -- Found ament_cmake: 1.3.14 (/opt/ros/humble/share/ament_cmake/cmake)
[0.127s] -- Found rclcpp: 16.0.19 (/opt/ros/humble/share/rclcpp/cmake)
[0.139s] -- Found rosidl_generator_c: 3.1.9 (/opt/ros/humble/share/rosidl_generator_c/cmake)
[0.140s] -- Found rosidl_adapter: 3.1.9 (/opt/ros/humble/share/rosidl_adapter/cmake)
[0.143s] -- Found rosidl_generator_cpp: 3.1.9 (/opt/ros/humble/share/rosidl_generator_cpp/cmake)
[0.148s] -- Using all available rosidl_typesupport_c: rosidl_typesupport_fastrtps_c;rosidl_typesupport_introspection_c
[0.153s] -- Using all available rosidl_typesupport_cpp: rosidl_typesupport_fastrtps_cpp;rosidl_typesupport_introspection_cpp
[0.168s] -- Found rmw_implementation_cmake: 6.1.2 (/opt/ros/humble/share/rmw_implementation_cmake/cmake)
[0.169s] -- Found rmw_fastrtps_cpp: 6.2.10 (/opt/ros/humble/share/rmw_fastrtps_cpp/cmake)
[0.228s] -- Using RMW implementation 'rmw_fastrtps_cpp' as default
[0.292s] -- Configuring done
[0.296s] -- Generating done
[0.297s] -- Build files have been written to: /home/pa4/turtlebot3_ws/src/260813/build/demo_cpp_pkg
[0.320s] [35m[1mConsolidate compiler generated dependencies of target listener[0m
[0.329s] [ 50%] [32mBuilding CXX object CMakeFiles/listener.dir/src/listener.cpp.o[0m
[0.419s] [01m[K/home/pa4/turtlebot3_ws/src/260813/src/demo_cpp_pkg/src/listener.cpp:14:10:[m[K [01;31m[Kfatal error: [m[Kgeometry_msgs/msg/twist.hpp: 그런 파일이나 디렉터리가 없습니다
[0.419s]    14 | #include [01;31m[K"geometry_msgs/msg/twist.hpp"[m[K
[0.419s]       |          [01;31m[K^~~~~~~~~~~~~~~~~~~~~~~~~~~~~[m[K
[0.419s] compilation terminated.
[0.422s] gmake[2]: *** [CMakeFiles/listener.dir/build.make:76: CMakeFiles/listener.dir/src/listener.cpp.o] 오류 1
[0.422s] gmake[1]: *** [CMakeFiles/Makefile2:137: CMakeFiles/listener.dir/all] 오류 2
[0.422s] gmake: *** [Makefile:146: all] 오류 2
[0.424s] Invoked command in '/home/pa4/turtlebot3_ws/src/260813/build/demo_cpp_pkg' returned '2': CMAKE_PREFIX_PATH=${CMAKE_PREFIX_PATH}:/home/pa4/turtlebot3_ws/src/260813/install/demo_py_pkg:/home/pa4/turtlebot3_ws/install/turtlebot3_teleop:/home/pa4/turtlebot3_ws/install/turtlebot3_example:/opt/ros/humble /usr/bin/cmake --build /home/pa4/turtlebot3_ws/src/260813/build/demo_cpp_pkg -- -j24 -l24
