[0.002s] Invoking command in '/home/pa4/turtlebot3_ws/src/260813/build/demo_bringup': AMENT_PREFIX_PATH=/home/pa4/turtlebot3_ws/src/260813/install/demo_py_pkg:/home/pa4/turtlebot3_ws/src/260813/install/demo_cpp_pkg:${AMENT_PREFIX_PATH} CMAKE_PREFIX_PATH=/home/pa4/turtlebot3_ws/src/260813/install/demo_cpp_pkg:/home/pa4/turtlebot3_ws/install/turtlebot3:/home/pa4/turtlebot3_ws/install/turtlebot3_simulations:/home/pa4/turtlebot3_ws/install/turtlebot3_bringup:/home/pa4/turtlebot3_ws/install/turtlebot3_node:/home/pa4/turtlebot3_ws/install/turtlebot3_navigation2:/home/pa4/turtlebot3_ws/install/turtlebot3_fake_node:/home/pa4/turtlebot3_ws/install/turtlebot3_msgs:/home/pa4/turtlebot3_ws/install/turtlebot3_manipulation_gazebo:/home/pa4/turtlebot3_ws/install/turtlebot3_gazebo:/home/pa4/turtlebot3_ws/install/turtlebot3_description:/home/pa4/turtlebot3_ws/install/turtlebot3_cartographer:/home/pa4/turtlebot3_ws/install/dynamixel_sdk_examples:/home/pa4/turtlebot3_ws/install/dynamixel_sdk_custom_interfaces:/home/pa4/turtlebot3_ws/install/dynamixel_sdk:/home/pa4/turtlebot3_ws/install/turtlebot3_teleop:/home/pa4/turtlebot3_ws/install/turtlebot3_example:/opt/ros/humble PYTHONPATH=/home/pa4/turtlebot3_ws/src/260813/install/demo_py_pkg/lib/python3.10/site-packages:${PYTHONPATH} /usr/bin/cmake /home/pa4/turtlebot3_ws/src/260813/src/demo_bringup -DCMAKE_INSTALL_PREFIX=/home/pa4/turtlebot3_ws/src/260813/install/demo_bringup
[0.033s] -- The C compiler identification is GNU 11.4.0
[0.066s] -- The CXX compiler identification is GNU 11.4.0
[0.070s] -- Detecting C compiler ABI info
[0.114s] -- Detecting C compiler ABI info - done
[0.117s] -- Check for working C compiler: /usr/bin/cc - skipped
[0.117s] -- Detecting C compile features
[0.117s] -- Detecting C compile features - done
[0.119s] -- Detecting CXX compiler ABI info
[0.168s] -- Detecting CXX compiler ABI info - done
[0.171s] -- Check for working CXX compiler: /usr/bin/c++ - skipped
[0.171s] -- Detecting CXX compile features
[0.171s] -- Detecting CXX compile features - done
[0.173s] -- Found ament_cmake: 1.3.14 (/opt/ros/humble/share/ament_cmake/cmake)
[0.264s] -- Found Python3: /usr/bin/python3 (found version "3.10.12") found components: Interpreter 
[0.349s] -- Configuring done
[0.350s] -- Generating done
[0.350s] -- Build files have been written to: /home/pa4/turtlebot3_ws/src/260813/build/demo_bringup
[0.354s] Invoked command in '/home/pa4/turtlebot3_ws/src/260813/build/demo_bringup' returned '0': AMENT_PREFIX_PATH=/home/pa4/turtlebot3_ws/src/260813/install/demo_py_pkg:/home/pa4/turtlebot3_ws/src/260813/install/demo_cpp_pkg:${AMENT_PREFIX_PATH} CMAKE_PREFIX_PATH=/home/pa4/turtlebot3_ws/src/260813/install/demo_cpp_pkg:/home/pa4/turtlebot3_ws/install/turtlebot3:/home/pa4/turtlebot3_ws/install/turtlebot3_simulations:/home/pa4/turtlebot3_ws/install/turtlebot3_bringup:/home/pa4/turtlebot3_ws/install/turtlebot3_node:/home/pa4/turtlebot3_ws/install/turtlebot3_navigation2:/home/pa4/turtlebot3_ws/install/turtlebot3_fake_node:/home/pa4/turtlebot3_ws/install/turtlebot3_msgs:/home/pa4/turtlebot3_ws/install/turtlebot3_manipulation_gazebo:/home/pa4/turtlebot3_ws/install/turtlebot3_gazebo:/home/pa4/turtlebot3_ws/install/turtlebot3_description:/home/pa4/turtlebot3_ws/install/turtlebot3_cartographer:/home/pa4/turtlebot3_ws/install/dynamixel_sdk_examples:/home/pa4/turtlebot3_ws/install/dynamixel_sdk_custom_interfaces:/home/pa4/turtlebot3_ws/install/dynamixel_sdk:/home/pa4/turtlebot3_ws/install/turtlebot3_teleop:/home/pa4/turtlebot3_ws/install/turtlebot3_example:/opt/ros/humble PYTHONPATH=/home/pa4/turtlebot3_ws/src/260813/install/demo_py_pkg/lib/python3.10/site-packages:${PYTHONPATH} /usr/bin/cmake /home/pa4/turtlebot3_ws/src/260813/src/demo_bringup -DCMAKE_INSTALL_PREFIX=/home/pa4/turtlebot3_ws/src/260813/install/demo_bringup
[0.354s] Invoking command in '/home/pa4/turtlebot3_ws/src/260813/build/demo_bringup': AMENT_PREFIX_PATH=/home/pa4/turtlebot3_ws/src/260813/install/demo_py_pkg:/home/pa4/turtlebot3_ws/src/260813/install/demo_cpp_pkg:${AMENT_PREFIX_PATH} CMAKE_PREFIX_PATH=/home/pa4/turtlebot3_ws/src/260813/install/demo_cpp_pkg:/home/pa4/turtlebot3_ws/install/turtlebot3:/home/pa4/turtlebot3_ws/install/turtlebot3_simulations:/home/pa4/turtlebot3_ws/install/turtlebot3_bringup:/home/pa4/turtlebot3_ws/install/turtlebot3_node:/home/pa4/turtlebot3_ws/install/turtlebot3_navigation2:/home/pa4/turtlebot3_ws/install/turtlebot3_fake_node:/home/pa4/turtlebot3_ws/install/turtlebot3_msgs:/home/pa4/turtlebot3_ws/install/turtlebot3_manipulation_gazebo:/home/pa4/turtlebot3_ws/install/turtlebot3_gazebo:/home/pa4/turtlebot3_ws/install/turtlebot3_description:/home/pa4/turtlebot3_ws/install/turtlebot3_cartographer:/home/pa4/turtlebot3_ws/install/dynamixel_sdk_examples:/home/pa4/turtlebot3_ws/install/dynamixel_sdk_custom_interfaces:/home/pa4/turtlebot3_ws/install/dynamixel_sdk:/home/pa4/turtlebot3_ws/install/turtlebot3_teleop:/home/pa4/turtlebot3_ws/install/turtlebot3_example:/opt/ros/humble PYTHONPATH=/home/pa4/turtlebot3_ws/src/260813/install/demo_py_pkg/lib/python3.10/site-packages:${PYTHONPATH} /usr/bin/cmake --build /home/pa4/turtlebot3_ws/src/260813/build/demo_bringup -- -j24 -l24
[0.383s] Invoked command in '/home/pa4/turtlebot3_ws/src/260813/build/demo_bringup' returned '0': AMENT_PREFIX_PATH=/home/pa4/turtlebot3_ws/src/260813/install/demo_py_pkg:/home/pa4/turtlebot3_ws/src/260813/install/demo_cpp_pkg:${AMENT_PREFIX_PATH} CMAKE_PREFIX_PATH=/home/pa4/turtlebot3_ws/src/260813/install/demo_cpp_pkg:/home/pa4/turtlebot3_ws/install/turtlebot3:/home/pa4/turtlebot3_ws/install/turtlebot3_simulations:/home/pa4/turtlebot3_ws/install/turtlebot3_bringup:/home/pa4/turtlebot3_ws/install/turtlebot3_node:/home/pa4/turtlebot3_ws/install/turtlebot3_navigation2:/home/pa4/turtlebot3_ws/install/turtlebot3_fake_node:/home/pa4/turtlebot3_ws/install/turtlebot3_msgs:/home/pa4/turtlebot3_ws/install/turtlebot3_manipulation_gazebo:/home/pa4/turtlebot3_ws/install/turtlebot3_gazebo:/home/pa4/turtlebot3_ws/install/turtlebot3_description:/home/pa4/turtlebot3_ws/install/turtlebot3_cartographer:/home/pa4/turtlebot3_ws/install/dynamixel_sdk_examples:/home/pa4/turtlebot3_ws/install/dynamixel_sdk_custom_interfaces:/home/pa4/turtlebot3_ws/install/dynamixel_sdk:/home/pa4/turtlebot3_ws/install/turtlebot3_teleop:/home/pa4/turtlebot3_ws/install/turtlebot3_example:/opt/ros/humble PYTHONPATH=/home/pa4/turtlebot3_ws/src/260813/install/demo_py_pkg/lib/python3.10/site-packages:${PYTHONPATH} /usr/bin/cmake --build /home/pa4/turtlebot3_ws/src/260813/build/demo_bringup -- -j24 -l24
[0.383s] Invoking command in '/home/pa4/turtlebot3_ws/src/260813/build/demo_bringup': AMENT_PREFIX_PATH=/home/pa4/turtlebot3_ws/src/260813/install/demo_py_pkg:/home/pa4/turtlebot3_ws/src/260813/install/demo_cpp_pkg:${AMENT_PREFIX_PATH} CMAKE_PREFIX_PATH=/home/pa4/turtlebot3_ws/src/260813/install/demo_cpp_pkg:/home/pa4/turtlebot3_ws/install/turtlebot3:/home/pa4/turtlebot3_ws/install/turtlebot3_simulations:/home/pa4/turtlebot3_ws/install/turtlebot3_bringup:/home/pa4/turtlebot3_ws/install/turtlebot3_node:/home/pa4/turtlebot3_ws/install/turtlebot3_navigation2:/home/pa4/turtlebot3_ws/install/turtlebot3_fake_node:/home/pa4/turtlebot3_ws/install/turtlebot3_msgs:/home/pa4/turtlebot3_ws/install/turtlebot3_manipulation_gazebo:/home/pa4/turtlebot3_ws/install/turtlebot3_gazebo:/home/pa4/turtlebot3_ws/install/turtlebot3_description:/home/pa4/turtlebot3_ws/install/turtlebot3_cartographer:/home/pa4/turtlebot3_ws/install/dynamixel_sdk_examples:/home/pa4/turtlebot3_ws/install/dynamixel_sdk_custom_interfaces:/home/pa4/turtlebot3_ws/install/dynamixel_sdk:/home/pa4/turtlebot3_ws/install/turtlebot3_teleop:/home/pa4/turtlebot3_ws/install/turtlebot3_example:/opt/ros/humble PYTHONPATH=/home/pa4/turtlebot3_ws/src/260813/install/demo_py_pkg/lib/python3.10/site-packages:${PYTHONPATH} /usr/bin/cmake --install /home/pa4/turtlebot3_ws/src/260813/build/demo_bringup
[0.384s] -- Install configuration: ""
[0.384s] -- Installing: /home/pa4/turtlebot3_ws/src/260813/install/demo_bringup/share/demo_bringup/launch
[0.384s] -- Installing: /home/pa4/turtlebot3_ws/src/260813/install/demo_bringup/share/demo_bringup/launch/demo.launch.py
[0.384s] -- Installing: /home/pa4/turtlebot3_ws/src/260813/install/demo_bringup/share/demo_bringup/config
[0.384s] -- Installing: /home/pa4/turtlebot3_ws/src/260813/install/demo_bringup/share/demo_bringup/config/params.yaml
[0.384s] -- Installing: /home/pa4/turtlebot3_ws/src/260813/install/demo_bringup/share/ament_index/resource_index/package_run_dependencies/demo_bringup
[0.384s] -- Installing: /home/pa4/turtlebot3_ws/src/260813/install/demo_bringup/share/ament_index/resource_index/parent_prefix_path/demo_bringup
[0.384s] -- Installing: /home/pa4/turtlebot3_ws/src/260813/install/demo_bringup/share/demo_bringup/environment/ament_prefix_path.sh
[0.384s] -- Installing: /home/pa4/turtlebot3_ws/src/260813/install/demo_bringup/share/demo_bringup/environment/ament_prefix_path.dsv
[0.384s] -- Installing: /home/pa4/turtlebot3_ws/src/260813/install/demo_bringup/share/demo_bringup/environment/path.sh
[0.384s] -- Installing: /home/pa4/turtlebot3_ws/src/260813/install/demo_bringup/share/demo_bringup/environment/path.dsv
[0.384s] -- Installing: /home/pa4/turtlebot3_ws/src/260813/install/demo_bringup/share/demo_bringup/local_setup.bash
[0.384s] -- Installing: /home/pa4/turtlebot3_ws/src/260813/install/demo_bringup/share/demo_bringup/local_setup.sh
[0.384s] -- Installing: /home/pa4/turtlebot3_ws/src/260813/install/demo_bringup/share/demo_bringup/local_setup.zsh
[0.384s] -- Installing: /home/pa4/turtlebot3_ws/src/260813/install/demo_bringup/share/demo_bringup/local_setup.dsv
[0.384s] -- Installing: /home/pa4/turtlebot3_ws/src/260813/install/demo_bringup/share/demo_bringup/package.dsv
[0.385s] -- Installing: /home/pa4/turtlebot3_ws/src/260813/install/demo_bringup/share/ament_index/resource_index/packages/demo_bringup
[0.385s] -- Installing: /home/pa4/turtlebot3_ws/src/260813/install/demo_bringup/share/demo_bringup/cmake/demo_bringupConfig.cmake
[0.385s] -- Installing: /home/pa4/turtlebot3_ws/src/260813/install/demo_bringup/share/demo_bringup/cmake/demo_bringupConfig-version.cmake
[0.385s] -- Installing: /home/pa4/turtlebot3_ws/src/260813/install/demo_bringup/share/demo_bringup/package.xml
[0.386s] Invoked command in '/home/pa4/turtlebot3_ws/src/260813/build/demo_bringup' returned '0': AMENT_PREFIX_PATH=/home/pa4/turtlebot3_ws/src/260813/install/demo_py_pkg:/home/pa4/turtlebot3_ws/src/260813/install/demo_cpp_pkg:${AMENT_PREFIX_PATH} CMAKE_PREFIX_PATH=/home/pa4/turtlebot3_ws/src/260813/install/demo_cpp_pkg:/home/pa4/turtlebot3_ws/install/turtlebot3:/home/pa4/turtlebot3_ws/install/turtlebot3_simulations:/home/pa4/turtlebot3_ws/install/turtlebot3_bringup:/home/pa4/turtlebot3_ws/install/turtlebot3_node:/home/pa4/turtlebot3_ws/install/turtlebot3_navigation2:/home/pa4/turtlebot3_ws/install/turtlebot3_fake_node:/home/pa4/turtlebot3_ws/install/turtlebot3_msgs:/home/pa4/turtlebot3_ws/install/turtlebot3_manipulation_gazebo:/home/pa4/turtlebot3_ws/install/turtlebot3_gazebo:/home/pa4/turtlebot3_ws/install/turtlebot3_description:/home/pa4/turtlebot3_ws/install/turtlebot3_cartographer:/home/pa4/turtlebot3_ws/install/dynamixel_sdk_examples:/home/pa4/turtlebot3_ws/install/dynamixel_sdk_custom_interfaces:/home/pa4/turtlebot3_ws/install/dynamixel_sdk:/home/pa4/turtlebot3_ws/install/turtlebot3_teleop:/home/pa4/turtlebot3_ws/install/turtlebot3_example:/opt/ros/humble PYTHONPATH=/home/pa4/turtlebot3_ws/src/260813/install/demo_py_pkg/lib/python3.10/site-packages:${PYTHONPATH} /usr/bin/cmake --install /home/pa4/turtlebot3_ws/src/260813/build/demo_bringup
