running egg_info
creating ../../build/demo_py_pkg/demo_py_pkg.egg-info
writing ../../build/demo_py_pkg/demo_py_pkg.egg-info/PKG-INFO
writing dependency_links to ../../build/demo_py_pkg/demo_py_pkg.egg-info/dependency_links.txt
writing entry points to ../../build/demo_py_pkg/demo_py_pkg.egg-info/entry_points.txt
writing requirements to ../../build/demo_py_pkg/demo_py_pkg.egg-info/requires.txt
writing top-level names to ../../build/demo_py_pkg/demo_py_pkg.egg-info/top_level.txt
writing manifest file '../../build/demo_py_pkg/demo_py_pkg.egg-info/SOURCES.txt'
reading manifest file '../../build/demo_py_pkg/demo_py_pkg.egg-info/SOURCES.txt'
writing manifest file '../../build/demo_py_pkg/demo_py_pkg.egg-info/SOURCES.txt'
running build
running build_py
creating /home/pa4/turtlebot3_ws/src/260813/build/demo_py_pkg/build
creating /home/pa4/turtlebot3_ws/src/260813/build/demo_py_pkg/build/lib
creating /home/pa4/turtlebot3_ws/src/260813/build/demo_py_pkg/build/lib/demo_py_pkg
copying demo_py_pkg/__init__.py -> /home/pa4/turtlebot3_ws/src/260813/build/demo_py_pkg/build/lib/demo_py_pkg
copying demo_py_pkg/talker.py -> /home/pa4/turtlebot3_ws/src/260813/build/demo_py_pkg/build/lib/demo_py_pkg
running install
running install_lib
creating /home/pa4/turtlebot3_ws/src/260813/install/demo_py_pkg/lib/python3.10/site-packages/demo_py_pkg
copying /home/pa4/turtlebot3_ws/src/260813/build/demo_py_pkg/build/lib/demo_py_pkg/__init__.py -> /home/pa4/turtlebot3_ws/src/260813/install/demo_py_pkg/lib/python3.10/site-packages/demo_py_pkg
copying /home/pa4/turtlebot3_ws/src/260813/build/demo_py_pkg/build/lib/demo_py_pkg/talker.py -> /home/pa4/turtlebot3_ws/src/260813/install/demo_py_pkg/lib/python3.10/site-packages/demo_py_pkg
byte-compiling /home/pa4/turtlebot3_ws/src/260813/install/demo_py_pkg/lib/python3.10/site-packages/demo_py_pkg/__init__.py to __init__.cpython-310.pyc
byte-compiling /home/pa4/turtlebot3_ws/src/260813/install/demo_py_pkg/lib/python3.10/site-packages/demo_py_pkg/talker.py to talker.cpython-310.pyc
running install_data
creating /home/pa4/turtlebot3_ws/src/260813/install/demo_py_pkg/share/ament_index
creating /home/pa4/turtlebot3_ws/src/260813/install/demo_py_pkg/share/ament_index/resource_index
creating /home/pa4/turtlebot3_ws/src/260813/install/demo_py_pkg/share/ament_index/resource_index/packages
copying resource/demo_py_pkg -> /home/pa4/turtlebot3_ws/src/260813/install/demo_py_pkg/share/ament_index/resource_index/packages
copying package.xml -> /home/pa4/turtlebot3_ws/src/260813/install/demo_py_pkg/share/demo_py_pkg
running install_egg_info
Copying ../../build/demo_py_pkg/demo_py_pkg.egg-info to /home/pa4/turtlebot3_ws/src/260813/install/demo_py_pkg/lib/python3.10/site-packages/demo_py_pkg-0.1.0-py3.10.egg-info
running install_scripts
Installing talker script to /home/pa4/turtlebot3_ws/src/260813/install/demo_py_pkg/lib/demo_py_pkg
writing list of installed files to '/home/pa4/turtlebot3_ws/src/260813/build/demo_py_pkg/install.log'
