[0.377s] Invoking command in '/home/pa4/turtlebot3_ws/src/260813/src/demo_py_pkg': PYTHONPATH=/home/pa4/turtlebot3_ws/src/260813/build/demo_py_pkg/prefix_override:/usr/lib/python3/dist-packages/colcon_core/task/python/colcon_distutils_commands:/home/pa4/turtlebot3_ws/src/260813/install/demo_py_pkg/lib/python3.10/site-packages:${PYTHONPATH} /usr/bin/python3 -W ignore:setup.py install is deprecated -W ignore:easy_install command is deprecated setup.py egg_info --egg-base ../../build/demo_py_pkg build --build-base /home/pa4/turtlebot3_ws/src/260813/build/demo_py_pkg/build install --record /home/pa4/turtlebot3_ws/src/260813/build/demo_py_pkg/install.log --install-scripts $base/lib/demo_py_pkg --single-version-externally-managed install_data
[0.498s] running egg_info
[0.498s] creating ../../build/demo_py_pkg/demo_py_pkg.egg-info
[0.498s] writing ../../build/demo_py_pkg/demo_py_pkg.egg-info/PKG-INFO
[0.498s] writing dependency_links to ../../build/demo_py_pkg/demo_py_pkg.egg-info/dependency_links.txt
[0.498s] writing entry points to ../../build/demo_py_pkg/demo_py_pkg.egg-info/entry_points.txt
[0.498s] writing requirements to ../../build/demo_py_pkg/demo_py_pkg.egg-info/requires.txt
[0.498s] writing top-level names to ../../build/demo_py_pkg/demo_py_pkg.egg-info/top_level.txt
[0.498s] writing manifest file '../../build/demo_py_pkg/demo_py_pkg.egg-info/SOURCES.txt'
[0.498s] reading manifest file '../../build/demo_py_pkg/demo_py_pkg.egg-info/SOURCES.txt'
[0.498s] writing manifest file '../../build/demo_py_pkg/demo_py_pkg.egg-info/SOURCES.txt'
[0.498s] running build
[0.498s] running build_py
[0.498s] creating /home/pa4/turtlebot3_ws/src/260813/build/demo_py_pkg/build
[0.498s] creating /home/pa4/turtlebot3_ws/src/260813/build/demo_py_pkg/build/lib
[0.498s] creating /home/pa4/turtlebot3_ws/src/260813/build/demo_py_pkg/build/lib/demo_py_pkg
[0.498s] copying demo_py_pkg/__init__.py -> /home/pa4/turtlebot3_ws/src/260813/build/demo_py_pkg/build/lib/demo_py_pkg
[0.499s] copying demo_py_pkg/talker.py -> /home/pa4/turtlebot3_ws/src/260813/build/demo_py_pkg/build/lib/demo_py_pkg
[0.499s] running install
[0.499s] running install_lib
[0.499s] creating /home/pa4/turtlebot3_ws/src/260813/install/demo_py_pkg/lib/python3.10/site-packages/demo_py_pkg
[0.499s] copying /home/pa4/turtlebot3_ws/src/260813/build/demo_py_pkg/build/lib/demo_py_pkg/__init__.py -> /home/pa4/turtlebot3_ws/src/260813/install/demo_py_pkg/lib/python3.10/site-packages/demo_py_pkg
[0.499s] copying /home/pa4/turtlebot3_ws/src/260813/build/demo_py_pkg/build/lib/demo_py_pkg/talker.py -> /home/pa4/turtlebot3_ws/src/260813/install/demo_py_pkg/lib/python3.10/site-packages/demo_py_pkg
[0.499s] byte-compiling /home/pa4/turtlebot3_ws/src/260813/install/demo_py_pkg/lib/python3.10/site-packages/demo_py_pkg/__init__.py to __init__.cpython-310.pyc
[0.499s] byte-compiling /home/pa4/turtlebot3_ws/src/260813/install/demo_py_pkg/lib/python3.10/site-packages/demo_py_pkg/talker.py to talker.cpython-310.pyc
[0.499s] running install_data
[0.499s] creating /home/pa4/turtlebot3_ws/src/260813/install/demo_py_pkg/share/ament_index
[0.499s] creating /home/pa4/turtlebot3_ws/src/260813/install/demo_py_pkg/share/ament_index/resource_index
[0.499s] creating /home/pa4/turtlebot3_ws/src/260813/install/demo_py_pkg/share/ament_index/resource_index/packages
[0.499s] copying resource/demo_py_pkg -> /home/pa4/turtlebot3_ws/src/260813/install/demo_py_pkg/share/ament_index/resource_index/packages
[0.499s] copying package.xml -> /home/pa4/turtlebot3_ws/src/260813/install/demo_py_pkg/share/demo_py_pkg
[0.499s] running install_egg_info
[0.500s] Copying ../../build/demo_py_pkg/demo_py_pkg.egg-info to /home/pa4/turtlebot3_ws/src/260813/install/demo_py_pkg/lib/python3.10/site-packages/demo_py_pkg-0.1.0-py3.10.egg-info
[0.500s] running install_scripts
[0.512s] Installing talker script to /home/pa4/turtlebot3_ws/src/260813/install/demo_py_pkg/lib/demo_py_pkg
[0.512s] writing list of installed files to '/home/pa4/turtlebot3_ws/src/260813/build/demo_py_pkg/install.log'
[0.525s] Invoked command in '/home/pa4/turtlebot3_ws/src/260813/src/demo_py_pkg' returned '0': PYTHONPATH=/home/pa4/turtlebot3_ws/src/260813/build/demo_py_pkg/prefix_override:/usr/lib/python3/dist-packages/colcon_core/task/python/colcon_distutils_commands:/home/pa4/turtlebot3_ws/src/260813/install/demo_py_pkg/lib/python3.10/site-packages:${PYTHONPATH} /usr/bin/python3 -W ignore:setup.py install is deprecated -W ignore:easy_install command is deprecated setup.py egg_info --egg-base ../../build/demo_py_pkg build --build-base /home/pa4/turtlebot3_ws/src/260813/build/demo_py_pkg/build install --record /home/pa4/turtlebot3_ws/src/260813/build/demo_py_pkg/install.log --install-scripts $base/lib/demo_py_pkg --single-version-externally-managed install_data
